// Jest Snapshot v1, https://goo.gl/fbAQLP

exports[`Testing ProductCard component should render correctly 1`] = `
<DocumentFragment>
  <div
    class="product-card"
    data-testid="product-card"
  >
    <div
      class="product-card__text"
    >
      <h2
        class="product-card__name"
        data-testid="product-card__name"
      >
        product name
      </h2>
      <div
        class="product-card__description"
        data-testid="product-card__description"
      >
        product desc
      </div>
      <h1
        class="product-card__price"
        data-testid="product-card__price"
      >
        111 $
      </h1>
      <div
        class="product-card__category"
        data-testid="product-card__category"
      >
        Для дома
      </div>
    </div>
  </div>
</DocumentFragment>
`;
