// Jest Snapshot v1, https://goo.gl/fbAQLP

exports[`test ProductCard test ProductCard render 1`] = `
<DocumentFragment>
  <div
    class="product-card"
  >
    <div
      class="product-card__text"
    >
      <h2
        class="product-card__name"
      >
        Lamp
      </h2>
      <div
        class="product-card__description"
      >
        Лампа
      </div>
      <h1
        class="product-card__price"
      >
        222 $
      </h1>
      <div
        class="product-card__category"
      >
        Для дома
      </div>
    </div>
    <img
      alt="Lamp"
      class="product-card__image"
      src="../../../public/lamp.png"
    />
  </div>
</DocumentFragment>
`;
